// Jest Snapshot v1, https://goo.gl/fbAQLP

exports[`Home page matches snapshot 1`] = `
<DocumentFragment>
  <div
    class="container"
  >
    <main
      class="main"
    >
      <h1
        class="title"
      >
        Welcome to Next.js!
      </h1>
      <h2
        id="config"
      >
        config test
      </h2>
      <h2
        id="appEnv"
      >
        APP_ENV is test-abc
      </h2>
      <h2
        id="appVar"
      >
        APP_VAR is default-var-x1
      </h2>
      <h2
        id="googleUrl"
      >
        GOOGLE_URL is JEST_GOOGLE_URL
      </h2>
      <h2
        id="meetupHelpUrl"
      >
        MEETUP_HELP_URL is undefined
      </h2>
      <h2
        id="nextPublicMeetupUrl"
      >
        NEXT_PUBLIC_MEETUP_URL is JEST_NEXT_PUBLIC_MEETUP_URL
      </h2>
    </main>
    <footer
      class="footer"
    >
      <a
        href="https://vercel.com?utm_source=create-next-app&utm_medium=default-template&utm_campaign=create-next-app"
        rel="noopener noreferrer"
        target="_blank"
      >
        Powered by 
        <span
          class="logo"
        >
          <div
            style="display: inline-block; max-width: 100%; overflow: hidden; position: relative; box-sizing: border-box; margin: 0px;"
          >
            <div
              style="box-sizing: border-box; display: block; max-width: 100%;"
            >
              <img
                alt=""
                aria-hidden="true"
                src="data:image/svg+xml;base64,PHN2ZyB3aWR0aD0iNzIiIGhlaWdodD0iMTYiIHhtbG5zPSJodHRwOi8vd3d3LnczLm9yZy8yMDAwL3N2ZyIgdmVyc2lvbj0iMS4xIi8+"
                style="max-width: 100%; display: block; margin: 0px; padding: 0px;"
              />
            </div>
            <noscript />
            <img
              alt="Vercel Logo"
              data-nimg="true"
              decoding="async"
              src="data:image/gif;base64,R0lGODlhAQABAIAAAAAAAP///yH5BAEAAAAALAAAAAABAAEAAAIBRAA7"
              style="position: absolute; top: 0px; left: 0px; bottom: 0px; right: 0px; box-sizing: border-box; padding: 0px; margin: auto; display: block; width: 0px; height: 0px; min-width: 100%; max-width: 100%; min-height: 100%; max-height: 100%;"
            />
          </div>
        </span>
      </a>
    </footer>
  </div>
</DocumentFragment>
`;
